// Jest Snapshot v1, https://goo.gl/fbAQLP

exports[`Pruebas en el componente <RealExampleRef /> debe mostrarse correctamente 1`] = `
<Fragment>
  <h1>
    RealExampleRef
  </h1>
  <hr />
  <button
    className="btn btn-primary mt-5"
    onClick={[Function]}
  >
    Show/Hide
  </button>
</Fragment>
`;
